### 🆕 Added 0 new document(s):

### 🔁 Updated 40 existing document(s):
#### RFC732 (updated fields: href, doi, resolvedHref)
  - href: `https://doi.org/10.17487/RFC0732` → `https://doi.org/10.17487/RFC732`
  - doi: `10.17487/RFC0732` → `10.17487/RFC732`
  - resolvedHref: `https://www.rfc-editor.org/info/rfc732` → `https://www.rfc-editor.org/info/rfc732/`
#### RFC733 (updated fields: href, doi, resolvedHref)
  - href: `https://doi.org/10.17487/RFC0733` → `https://doi.org/10.17487/RFC733`
  - doi: `10.17487/RFC0733` → `10.17487/RFC733`
  - resolvedHref: `https://www.rfc-editor.org/info/rfc733` → `https://www.rfc-editor.org/info/rfc733/`
#### RFC977 (updated fields: href, abstract, doi, keywords, resolvedHref)
  - href: `https://doi.org/10.17487/RFC0977` → `https://doi.org/10.17487/RFC977`
  - abstract: `NNTP specifies a protocol for the distribution, inquiry, retrieval, and posting of news articles using a reliable stream-based transmission of news among the ARPA-Internet community.  NNTP is designed so that news articles are stored in a central database allowing a subscriber to select only those items he wishes to read.  Indexing, cross-referencing, and expiration of aged messages are also provided.  This RFC suggests a proposed protocol for the ARPA-Internet community, and requests discussion and suggestions for improvements.` → `NNTP specifies a protocol for the distribution, inquiry, retrieval, and posting of news articles using a reliable stream-based transmission of news among the ARPA-Internet community. NNTP is designed so that news articles are stored in a central database allowing a subscriber to select only those items he wishes to read. Indexing, cross-referencing, and expiration of aged messages are also provided. This RFC suggests a proposed protocol for the ARPA-Internet community, and requests discussion and suggestions for improvements.`
  - doi: `10.17487/RFC0977` → `10.17487/RFC977`
  - keywords: `undefined` → `\["Nntp"\]`
  - resolvedHref: `https://www.rfc-editor.org/info/rfc977` → `https://www.rfc-editor.org/info/rfc977/`
#### RFC1035 (updated fields: status, resolvedHref)
  - status changed: 
amended: `true` → `undefined`
amendedBy: `\["RFC1101","RFC1183","RFC1348","RFC1876","RFC1982","RFC1995","RFC1996","RFC2065","RFC2136","RFC2181","RFC2137","RFC2308","RFC2535","RFC2673","RFC2845","RFC3425","RFC3658","RFC4033","RFC4034","RFC4035","RFC4343","RFC5936","RFC5966","RFC6604","RFC7766","RFC8482","RFC8490","RFC8767","RFC9619"\]` → `\["RFC1101","RFC1183","RFC1348","RFC1876","RFC1982","RFC1995","RFC1996","RFC2065","RFC2136","RFC2137","RFC2181","RFC2308","RFC2535","RFC2673","RFC2845","RFC3425","RFC3658","RFC4033","RFC4034","RFC4035","RFC4343","RFC5936","RFC5966","RFC6604","RFC7766","RFC8482","RFC8490","RFC8767","RFC9619"\]`
  - resolvedHref: `https://www.rfc-editor.org/info/rfc1035` → `https://www.rfc-editor.org/info/rfc1035/`
#### RFC1123 (updated fields: authors, status, resolvedHref)
  - authors: `\[{"name":"Robert T. Braden"}\]` → `\[{"name":"R. Braden"}\]`
  - resolvedHref: `https://www.rfc-editor.org/info/rfc1123` → `https://www.rfc-editor.org/info/rfc1123/`
#### RFC1321 (updated fields: authors, keywords, resolvedHref)
  - authors: `\[{"name":"Ronald L. Rivest"}\]` → `\[{"name":"R. Rivest"}\]`
  - keywords: `\["Security","Signature","Encryption"\]` → `\["Security","Signature","Eneryption"\]`
  - resolvedHref: `https://www.rfc-editor.org/info/rfc1321` → `https://www.rfc-editor.org/info/rfc1321/`
#### RFC1494 (updated fields: authors, resolvedHref)
  - authors: `\[{"name":"Harald T. Alvestrand"},{"name":"Steven J. Thompson"}\]` → `\[{"name":"H. Alvestrand"},{"name":"S. Thompson"}\]`
  - resolvedHref: `https://www.rfc-editor.org/info/rfc1494` → `https://www.rfc-editor.org/info/rfc1494/`
#### RFC1521 (updated fields: authors, resolvedHref)
  - authors: `\[{"name":"Dr. Nathaniel S. Borenstein"},{"name":"Ned Freed"}\]` → `\[{"name":"N. Borenstein"},{"name":"N. Freed"}\]`
  - resolvedHref: `https://www.rfc-editor.org/info/rfc1521` → `https://www.rfc-editor.org/info/rfc1521/`
#### RFC1557 (updated fields: authors, resolvedHref)
  - authors: `\[{"name":"Uhhyung Choi"},{"name":"Dr. Kilnam Chon"},{"name":"Hyun Je Park"}\]` → `\[{"name":"U. Choi"},{"name":"K. Chon"},{"name":"H. Park"}\]`
  - resolvedHref: `https://www.rfc-editor.org/info/rfc1557` → `https://www.rfc-editor.org/info/rfc1557/`
#### RFC1590 (updated fields: authors, resolvedHref)
  - authors: `\[{"name":"Dr. Jon Postel"}\]` → `\[{"name":"J. Postel"}\]`
  - resolvedHref: `https://www.rfc-editor.org/info/rfc1590` → `https://www.rfc-editor.org/info/rfc1590/`
#### RFC1652 (updated fields: authors, resolvedHref)
  - authors: `\[{"name":"Ned Freed"},{"name":"Dr. John C. Klensin"},{"name":"Dr. Marshall T. Rose"},{"name":"Dave Crocker"},{"name":"Einar A. Stefferud"}\]` → `\[{"name":"J. Klensin"},{"name":"N. Freed"},{"name":"M. Rose"},{"name":"E. Stefferud"},{"name":"D. Crocker"}\]`
  - resolvedHref: `https://www.rfc-editor.org/info/rfc1652` → `https://www.rfc-editor.org/info/rfc1652/`
#### RFC1737 (updated fields: authors, resolvedHref)
  - authors: `\[{"name":"Larry M Masinter"},{"name":"Dr. Karen R. Sollins"}\]` → `\[{"name":"K. Sollins"},{"name":"L. Masinter"}\]`
  - resolvedHref: `https://www.rfc-editor.org/info/rfc1737` → `https://www.rfc-editor.org/info/rfc1737/`
#### RFC1738 (updated fields: authors, resolvedHref)
  - authors: `\[{"name":"Tim Berners-Lee"},{"name":"Larry M Masinter"},{"name":"Mark P. McCahill"}\]` → `\[{"name":"T. Berners-Lee"},{"name":"L. Masinter"},{"name":"M. McCahill"}\]`
  - resolvedHref: `https://www.rfc-editor.org/info/rfc1738` → `https://www.rfc-editor.org/info/rfc1738/`
#### RFC1766 (updated fields: authors, resolvedHref)
  - authors: `\[{"name":"Harald T. Alvestrand"}\]` → `\[{"name":"H. Alvestrand"}\]`
  - resolvedHref: `https://www.rfc-editor.org/info/rfc1766` → `https://www.rfc-editor.org/info/rfc1766/`
#### RFC1874 (updated fields: authors, resolvedHref)
  - authors: `\[{"name":"Dr. Ed Levinson"}\]` → `\[{"name":"E. Levinson"}\]`
  - resolvedHref: `https://www.rfc-editor.org/info/rfc1874` → `https://www.rfc-editor.org/info/rfc1874/`
#### RFC2045 (updated fields: authors, resolvedHref)
  - authors: `\[{"name":"Ned Freed"},{"name":"Dr. Nathaniel S. Borenstein"}\]` → `\[{"name":"N. Freed"},{"name":"N. Borenstein"}\]`
  - resolvedHref: `https://www.rfc-editor.org/info/rfc2045` → `https://www.rfc-editor.org/info/rfc2045/`
#### RFC2046 (updated fields: authors, resolvedHref)
  - authors: `\[{"name":"Ned Freed"},{"name":"Dr. Nathaniel S. Borenstein"}\]` → `\[{"name":"N. Freed"},{"name":"N. Borenstein"}\]`
  - resolvedHref: `https://www.rfc-editor.org/info/rfc2046` → `https://www.rfc-editor.org/info/rfc2046/`
#### RFC2047 (updated fields: authors, keywords, resolvedHref)
  - authors: `\[{"name":"Keith Moore"}\]` → `\[{"name":"K. Moore"}\]`
  - keywords: `\["MIME-MSG","Media","Types"\]` → `\["MIME-MSG","Media","Type"\]`
  - resolvedHref: `https://www.rfc-editor.org/info/rfc2047` → `https://www.rfc-editor.org/info/rfc2047/`
#### RFC2048 (updated fields: authors, resolvedHref)
  - authors: `\[{"name":"Dr. Jon Postel"},{"name":"Dr. John C. Klensin"},{"name":"Ned Freed"}\]` → `\[{"name":"N. Freed"},{"name":"J. Klensin"},{"name":"J. Postel"}\]`
  - resolvedHref: `https://www.rfc-editor.org/info/rfc2048` → `https://www.rfc-editor.org/info/rfc2048/`
#### RFC2049 (updated fields: authors, keywords, resolvedHref)
  - authors: `\[{"name":"Ned Freed"},{"name":"Dr. Nathaniel S. Borenstein"}\]` → `\[{"name":"N. Freed"},{"name":"N. Borenstein"}\]`
  - keywords: `\["MIME-CONF","Media","Types","Message","Formats"\]` → `\["MIME-CONF","Media","Type","Message","Formats"\]`
  - resolvedHref: `https://www.rfc-editor.org/info/rfc2049` → `https://www.rfc-editor.org/info/rfc2049/`
#### RFC2060 (updated fields: authors, resolvedHref)
  - authors: `\[{"name":"Mark Crispin"}\]` → `\[{"name":"M. Crispin"}\]`
  - resolvedHref: `https://www.rfc-editor.org/info/rfc2060` → `https://www.rfc-editor.org/info/rfc2060/`
#### RFC2077 (updated fields: authors, keywords, resolvedHref)
  - authors: `\[{"name":"Mitra Ardron"},{"name":"Scott D. Nelson"},{"name":"C. Parks"}\]` → `\[{"name":"S. Nelson"},{"name":"C. Parks"},{"name":"Mitra"}\]`
  - keywords: `\["MIME-MODEL","MIME","Media","Types","Content"\]` → `\["MIME-MODEL","MIME","Media","Type","Content"\]`
  - resolvedHref: `https://www.rfc-editor.org/info/rfc2077` → `https://www.rfc-editor.org/info/rfc2077/`
#### RFC2104 (updated fields: authors, resolvedHref)
  - authors: `\[{"name":"Hugo Krawczyk"},{"name":"Mihir Bellare"},{"name":"Ran Canetti"}\]` → `\[{"name":"H. Krawczyk"},{"name":"M. Bellare"},{"name":"R. Canetti"}\]`
  - resolvedHref: `https://www.rfc-editor.org/info/rfc2104` → `https://www.rfc-editor.org/info/rfc2104/`
#### RFC2119 (updated fields: authors, resolvedHref)
  - authors: `\[{"name":"Scott O. Bradner"}\]` → `\[{"name":"S. Bradner"}\]`
  - resolvedHref: `https://www.rfc-editor.org/info/rfc2119` → `https://www.rfc-editor.org/info/rfc2119/`
#### RFC2130 (updated fields: authors, resolvedHref)
  - authors: `\[{"name":"Ran Atkinson"},{"name":"Peter Svanberg"},{"name":"Cecilia M. Preston"},{"name":"Harald T. Alvestrand"},{"name":"Mark Crispin"},{"name":"Keld Simonsen"},{"name":"Chris Weider"}\]` → `\[{"name":"C. Weider"},{"name":"C. Preston"},{"name":"K. Simonsen"},{"name":"H. Alvestrand"},{"name":"R. Atkinson"},{"name":"M. Crispin"},{"name":"P. Svanberg"}\]`
  - resolvedHref: `https://www.rfc-editor.org/info/rfc2130` → `https://www.rfc-editor.org/info/rfc2130/`
#### RFC2141 (updated fields: authors, resolvedHref)
  - authors: `\[{"name":"Ryan Moats"}\]` → `\[{"name":"R. Moats"}\]`
  - resolvedHref: `https://www.rfc-editor.org/info/rfc2141` → `https://www.rfc-editor.org/info/rfc2141/`
#### RFC8323 (updated fields: authors, keywords, resolvedHref)
  - authors: `\[{"name":"Carsten Bormann"},{"name":"Simon Lemay"},{"name":"Hannes Tschofenig"},{"name":"Klaus Hartke"},{"name":"Bill Silverajan"},{"name":"Brian Raymor"}\]` → `\[{"name":"C. Bormann"},{"name":"S. Lemay"},{"name":"H. Tschofenig"},{"name":"K. Hartke"},{"name":"B. Silverajan"},{"name":"B. Raymor"}\]`
  - keywords: `\["CoAP","Constrained Application Protocol","REST","IoT","NAT Traversal","CoAP in Browsers"\]` → `\["CoAP","Constrained Application Protocol","REST","IoT","Internet Of Things","NAT Traversal","CoAP In Browsers"\]`
  - resolvedHref: `https://www.rfc-editor.org/info/rfc8323` → `https://www.rfc-editor.org/info/rfc8323/`
#### RFC8340 (updated fields: authors, resolvedHref)
  - authors: `\[{"name":"Martin Björklund"},{"name":"Lou Berger"}\]` → `\[{"name":"M. Bjorklund"},{"name":"L. Berger"}\]`
  - resolvedHref: `https://www.rfc-editor.org/info/rfc8340` → `https://www.rfc-editor.org/info/rfc8340/`
#### RFC8341 (updated fields: authors, resolvedHref)
  - authors: `\[{"name":"Andy Bierman"},{"name":"Martin Björklund"}\]` → `\[{"name":"A. Bierman"},{"name":"M. Bjorklund"}\]`
  - resolvedHref: `https://www.rfc-editor.org/info/rfc8341` → `https://www.rfc-editor.org/info/rfc8341/`
#### RFC8391 (updated fields: authors, keywords, resolvedHref)
  - authors: `\[{"name":"Andreas Huelsing"},{"name":"Denis Butin"},{"name":"Stefan-Lukas Gazdag"},{"name":"Joost Rijneveld"},{"name":"Aziz Mohaisen"}\]` → `\[{"name":"A. Huelsing"},{"name":"D. Butin"},{"name":"S. Gazdag"},{"name":"J. Rijneveld"},{"name":"A. Mohaisen"}\]`
  - keywords: `\["Digital Signature","Cryptography","Post-quantum Cryptography","Hash-based Signatures","Merkle Signatures","Merkle Tree","Hash Function","Winternitz","Winternitz One-time Signature Scheme","W-OTS","W-OTS+","XMSS-MT","Multi-tree XMSS"\]` → `\["Digital Signature","Cryptography","Post-quantum Cryptography","Hash-based Signatures","Merkle Signatures","Merkle Tree","Hash Function","Winternitz","Winternitz One-time Signature Scheme","WOTS","W-OTS","WOTS+","W-OTS+","XMSS-MT","Multi-tree XMSS"\]`
  - resolvedHref: `https://www.rfc-editor.org/info/rfc8391` → `https://www.rfc-editor.org/info/rfc8391/`
#### RFC8439 (updated fields: authors, resolvedHref)
  - authors: `\[{"name":"Yoav Nir"},{"name":"Adam Langley"}\]` → `\[{"name":"Y. Nir"},{"name":"A. Langley"}\]`
  - resolvedHref: `https://www.rfc-editor.org/info/rfc8439` → `https://www.rfc-editor.org/info/rfc8439/`
#### RFC8525 (updated fields: authors, status, resolvedHref)
  - authors: `\[{"name":"Andy Bierman"},{"name":"Martin Björklund"},{"name":"Jürgen Schönwälder"},{"name":"Kent Watsen"},{"name":"Robert Wilton"}\]` → `\[{"name":"A. Bierman"},{"name":"M. Bjorklund"},{"name":"J. Schoenwaelder"},{"name":"K. Watsen"},{"name":"R. Wilton"}\]`
  - status changed: 
amendedBy: `\[\]` → `\["RFC10035"\]`
  - resolvedHref: `https://www.rfc-editor.org/info/rfc8525` → `https://www.rfc-editor.org/info/rfc8525/`
#### RFC8526 (updated fields: authors, resolvedHref)
  - authors: `\[{"name":"Martin Björklund"},{"name":"Jürgen Schönwälder"},{"name":"Phil Shafer"},{"name":"Kent Watsen"},{"name":"Robert Wilton"}\]` → `\[{"name":"M. Bjorklund"},{"name":"J. Schoenwaelder"},{"name":"P. Shafer"},{"name":"K. Watsen"},{"name":"R. Wilton"}\]`
  - resolvedHref: `https://www.rfc-editor.org/info/rfc8526` → `https://www.rfc-editor.org/info/rfc8526/`
#### RFC8615 (updated fields: authors, resolvedHref)
  - authors: `\[{"name":"Mark Nottingham"}\]` → `\[{"name":"M. Nottingham"}\]`
  - resolvedHref: `https://www.rfc-editor.org/info/rfc8615` → `https://www.rfc-editor.org/info/rfc8615/`
#### RFC8820 (updated fields: authors, resolvedHref)
  - authors: `\[{"name":"Mark Nottingham"}\]` → `\[{"name":"M. Nottingham"}\]`
  - resolvedHref: `https://www.rfc-editor.org/info/rfc8820` → `https://www.rfc-editor.org/info/rfc8820/`
#### RFC9048 (updated fields: authors, status, resolvedHref)
  - authors: `\[{"name":"Jari Arkko"},{"name":"Vesa Lehtovirta"},{"name":"Vesa Torvinen"},{"name":"Pasi Eronen"}\]` → `\[{"name":"J. Arkko"},{"name":"V. Lehtovirta"},{"name":"V. Torvinen"},{"name":"P. Eronen"}\]`
  - resolvedHref: `https://www.rfc-editor.org/info/rfc9048` → `https://www.rfc-editor.org/info/rfc9048/`
#### RFC9141 (updated fields: authors, resolvedHref)
  - authors: `\[{"name":"Roman Danyliw"}\]` → `\[{"name":"R. Danyliw"}\]`
  - resolvedHref: `https://www.rfc-editor.org/info/rfc9141` → `https://www.rfc-editor.org/info/rfc9141/`
#### RFC9190 (updated fields: authors, status, resolvedHref)
  - authors: `\[{"name":"John Preuß Mattsson"},{"name":"Mohit Sethi"}\]` → `\[{"name":"J. Preuß Mattsson"},{"name":"M. Sethi"}\]`
  - status changed: 
amendedBy: `\[\]` → `\["RFC9965"\]`
  - resolvedHref: `https://www.rfc-editor.org/info/rfc9190` → `https://www.rfc-editor.org/info/rfc9190/`
#### RFC9231 (updated fields: authors, resolvedHref)
  - authors: `\[{"name":"Donald E. Eastlake 3rd"}\]` → `\[{"name":"D. Eastlake 3rd"}\]`
  - resolvedHref: `https://www.rfc-editor.org/info/rfc9231` → `https://www.rfc-editor.org/info/rfc9231/`
#### RFC9678 (updated fields: authors, resolvedHref)
  - authors: `\[{"name":"Jari Arkko"},{"name":"Karl Norrman"},{"name":"John Preuß Mattsson"}\]` → `\[{"name":"J. Arkko"},{"name":"K. Norrman"},{"name":"J. Preuß Mattsson"}\]`
  - resolvedHref: `https://www.rfc-editor.org/info/rfc9678` → `https://www.rfc-editor.org/info/rfc9678/`

### ⚠️ Skipped 3 duplicate(s)
- IETF.draft-bhutton-json-schema-00
- IETF.draft-bhutton-json-schema-01
- IETF.draft-bhutton-json-schema-validation-01

### 🧠 MRI updated (beforeExit) — uniqueRefIds=43408, orphans=0
